
Running 1 test using 1 worker

[1A[2K[1/1] [chromium] ΓÇ║ tests\pages\DHOrdersPage.spec.js:6:1 ΓÇ║ DH Orders - Add Order Flow with Auto-fill
[1A[2K  1) [chromium] ΓÇ║ tests\pages\DHOrdersPage.spec.js:6:1 ΓÇ║ DH Orders - Add Order Flow with Auto-fill ΓöÇ

    Error: locator.click: Error: strict mode violation: getByRole('link', { name: 'DH Waste' }) resolved to 2 elements:
        1) <a href="/biowaste-order/">ΓÇª</a> aka getByRole('link', { name: '∩₧Ç DH Waste' })
        2) <a href="javascript:;" class="has-arrow d-flex justify-content-between align-items-center">ΓÇª</a> aka getByRole('link', { name: '∩Çô DH Waste Settings┬á┬á┬á ∩üö' })

    Call log:
    [2m  - waiting for getByRole('link', { name: 'DH Waste' })[22m


       at pages\DHOrdersPage.js:15

      13 |     async navigateToDHOrders() {
      14 |         await this.customerOrdersLink.click();
    > 15 |         await this.dhWasteLink.click();
         |                                ^
      16 |         await this.page.waitForLoadState('networkidle');
      17 |     }
      18 |
        at DHOrdersPage.navigateToDHOrders (C:\Users\yedhu\playwright-project\tests\pages\DHOrdersPage.js:15:32)
        at C:\Users\yedhu\playwright-project\tests\pages\DHOrdersPage.spec.js:16:5

    attachment #1: screenshot (image/png) ΓöÇΓöÇΓöÇΓöÇΓöÇΓöÇΓöÇΓöÇΓöÇΓöÇΓöÇΓöÇΓöÇΓöÇΓöÇΓöÇΓöÇΓöÇΓöÇΓöÇΓöÇΓöÇΓöÇΓöÇΓöÇΓöÇΓöÇΓöÇΓöÇΓöÇΓöÇΓöÇΓöÇΓöÇΓöÇΓöÇΓöÇΓöÇΓöÇΓöÇΓöÇΓöÇΓöÇΓöÇΓöÇΓöÇΓöÇΓöÇΓöÇΓöÇΓöÇΓöÇΓöÇΓöÇΓöÇΓöÇΓöÇΓöÇ
    test-results\pages-DHOrdersPage-DH-Orders---Add-Order-Flow-with-Auto-fill-chromium\test-failed-1.png
    ΓöÇΓöÇΓöÇΓöÇΓöÇΓöÇΓöÇΓöÇΓöÇΓöÇΓöÇΓöÇΓöÇΓöÇΓöÇΓöÇΓöÇΓöÇΓöÇΓöÇΓöÇΓöÇΓöÇΓöÇΓöÇΓöÇΓöÇΓöÇΓöÇΓöÇΓöÇΓöÇΓöÇΓöÇΓöÇΓöÇΓöÇΓöÇΓöÇΓöÇΓöÇΓöÇΓöÇΓöÇΓöÇΓöÇΓöÇΓöÇΓöÇΓöÇΓöÇΓöÇΓöÇΓöÇΓöÇΓöÇΓöÇΓöÇΓöÇΓöÇΓöÇΓöÇΓöÇΓöÇΓöÇΓöÇΓöÇΓöÇΓöÇΓöÇΓöÇΓöÇΓöÇΓöÇΓöÇΓöÇΓöÇΓöÇΓöÇΓöÇΓöÇΓöÇΓöÇΓöÇΓöÇΓöÇΓöÇΓöÇΓöÇΓöÇΓöÇΓöÇΓöÇΓöÇΓöÇΓöÇ

    attachment #2: video (video/webm) ΓöÇΓöÇΓöÇΓöÇΓöÇΓöÇΓöÇΓöÇΓöÇΓöÇΓöÇΓöÇΓöÇΓöÇΓöÇΓöÇΓöÇΓöÇΓöÇΓöÇΓöÇΓöÇΓöÇΓöÇΓöÇΓöÇΓöÇΓöÇΓöÇΓöÇΓöÇΓöÇΓöÇΓöÇΓöÇΓöÇΓöÇΓöÇΓöÇΓöÇΓöÇΓöÇΓöÇΓöÇΓöÇΓöÇΓöÇΓöÇΓöÇΓöÇΓöÇΓöÇΓöÇΓöÇΓöÇΓöÇΓöÇΓöÇΓöÇΓöÇΓöÇΓöÇ
    test-results\pages-DHOrdersPage-DH-Orders---Add-Order-Flow-with-Auto-fill-chromium\video.webm
    ΓöÇΓöÇΓöÇΓöÇΓöÇΓöÇΓöÇΓöÇΓöÇΓöÇΓöÇΓöÇΓöÇΓöÇΓöÇΓöÇΓöÇΓöÇΓöÇΓöÇΓöÇΓöÇΓöÇΓöÇΓöÇΓöÇΓöÇΓöÇΓöÇΓöÇΓöÇΓöÇΓöÇΓöÇΓöÇΓöÇΓöÇΓöÇΓöÇΓöÇΓöÇΓöÇΓöÇΓöÇΓöÇΓöÇΓöÇΓöÇΓöÇΓöÇΓöÇΓöÇΓöÇΓöÇΓöÇΓöÇΓöÇΓöÇΓöÇΓöÇΓöÇΓöÇΓöÇΓöÇΓöÇΓöÇΓöÇΓöÇΓöÇΓöÇΓöÇΓöÇΓöÇΓöÇΓöÇΓöÇΓöÇΓöÇΓöÇΓöÇΓöÇΓöÇΓöÇΓöÇΓöÇΓöÇΓöÇΓöÇΓöÇΓöÇΓöÇΓöÇΓöÇΓöÇΓöÇΓöÇ

    Error Context: test-results\pages-DHOrdersPage-DH-Orders---Add-Order-Flow-with-Auto-fill-chromium\error-context.md


[1A[2K  1 failed
    [chromium] ΓÇ║ tests\pages\DHOrdersPage.spec.js:6:1 ΓÇ║ DH Orders - Add Order Flow with Auto-fill ΓöÇΓöÇ

[36m  Serving HTML report at http://localhost:9323. Press Ctrl+C to quit.[39m
