Error: locator.click: Error: strict mode violation: getByRole('link', { name: 'DH Waste' }) resolved to 2 elements:
    1) <a href="/biowaste-order/">…</a> aka getByRole('link', { name: ' DH Waste' })
    2) <a href="javascript:;" class="has-arrow d-flex justify-content-between align-items-center">…</a> aka getByRole('link', { name: ' DH Waste Settings    ' })

Call log:
[2m  - waiting for getByRole('link', { name: 'DH Waste' })[22m

Stack: locator.click: Error: strict mode violation: getByRole('link', { name: 'DH Waste' }) resolved to 2 elements:
    1) <a href="/biowaste-order/">…</a> aka getByRole('link', { name: ' DH Waste' })
    2) <a href="javascript:;" class="has-arrow d-flex justify-content-between align-items-center">…</a> aka getByRole('link', { name: ' DH Waste Settings    ' })

Call log:
[2m  - waiting for getByRole('link', { name: 'DH Waste' })[22m

    at DHOrdersPage.navigateToDHOrders (C:\Users\yedhu\playwright-project\tests\pages\DHOrdersPage.js:15:32)
    at C:\Users\yedhu\playwright-project\tests\pages\DHOrdersPage.spec.js:19:9